--- Startup times for process: Primary/TUI ---

times in msec
 clock   self+sourced   self:  sourced script
 clock   elapsed:              other lines

000.009  000.009: --- NVIM STARTING ---
000.221  000.212: event init
000.350  000.130: early init
000.444  000.093: locale set
000.522  000.078: init first window
000.939  000.417: inits 1
000.955  000.017: window checked
000.958  000.003: parsing arguments
001.615  000.055  000.055: require('vim.shared')
001.725  000.056  000.056: require('vim.inspect')
001.796  000.050  000.050: require('vim._options')
001.798  000.179  000.072: require('vim._editor')
001.800  000.295  000.062: require('vim._init_packages')
001.803  000.549: init lua interpreter
003.216  001.413: --- NVIM STARTED ---

--- Startup times for process: Embedded ---

times in msec
 clock   self+sourced   self:  sourced script
 clock   elapsed:              other lines

000.018  000.018: --- NVIM STARTING ---
000.380  000.362: event init
000.587  000.207: early init
000.748  000.161: locale set
000.865  000.117: init first window
001.560  000.695: inits 1
001.598  000.038: window checked
001.603  000.005: parsing arguments
002.952  000.128  000.128: require('vim.shared')
003.259  000.169  000.169: require('vim.inspect')
003.415  000.116  000.116: require('vim._options')
003.420  000.456  000.170: require('vim._editor')
003.424  000.710  000.126: require('vim._init_packages')
003.430  001.116: init lua interpreter
003.649  000.219: expanding arguments
003.720  000.072: inits 2
004.612  000.892: init highlight
004.623  000.011: waiting for UI
005.112  000.490: done waiting for UI
005.127  000.014: clear screen
005.513  000.029  000.029: require('vim.keymap')
007.234  002.065  002.035: require('vim._defaults')
007.242  000.051: init default mappings & autocommands
007.397  000.155: --cmd commands
010.489  000.129  000.129: sourcing /nix/store/w1jf3xsq43xyg786llp00ngn02xm9dmx-neovim-unwrapped-0.10.4/share/nvim/runtime/ftplugin.vim
010.665  000.053  000.053: sourcing /nix/store/w1jf3xsq43xyg786llp00ngn02xm9dmx-neovim-unwrapped-0.10.4/share/nvim/runtime/indent.vim
011.923  000.509  000.509: require('core.options')
014.469  000.035  000.035: require('vim.fs')
014.500  000.271  000.236: require('vim.lsp.log')
015.469  000.965  000.965: require('vim.lsp.protocol')
017.921  000.490  000.490: require('vim.lsp._snippet_grammar')
018.053  000.127  000.127: require('vim.highlight')
018.063  000.006  000.006: require('vim.F')
018.083  002.608  001.986: require('vim.lsp.util')
018.637  000.256  000.256: require('vim.lsp.sync')
018.648  000.562  000.306: require('vim.lsp._changetracking')
019.319  000.668  000.668: require('vim.lsp.rpc')
019.455  006.133  001.058: require('vim.lsp')
020.376  000.915  000.915: require('vim.lsp.buf')
020.422  008.493  001.444: require('core.keymaps')
022.763  001.873  001.873: require('lazy')
022.834  000.032  000.032: require('ffi')
023.059  000.164  000.164: require('vim.uri')
023.085  000.246  000.083: require('vim.loader')
023.698  000.585  000.585: require('lazy.stats')
023.864  000.140  000.140: require('lazy.core.util')
024.375  000.507  000.507: require('lazy.core.config')
024.752  000.179  000.179: require('lazy.core.handler')
025.164  000.131  000.131: require('lazy.pkg')
025.171  000.279  000.148: require('lazy.core.meta')
025.184  000.429  000.150: require('lazy.core.plugin')
025.193  000.815  000.206: require('lazy.core.loader')
025.730  000.128  000.128: require('lazy.core.fragments')
028.186  000.132  000.132: require('lazy.core.handler.event')
028.308  000.112  000.112: require('lazy.core.handler.keys')
028.414  000.101  000.101: require('lazy.core.handler.cmd')
028.509  000.090  000.090: require('lazy.core.handler.ft')
029.197  000.311  000.311: sourcing /nix/store/w1jf3xsq43xyg786llp00ngn02xm9dmx-neovim-unwrapped-0.10.4/share/nvim/runtime/filetype.lua
031.503  000.110  000.110: require('tokyonight.config')
031.511  000.767  000.658: require('tokyonight')
031.796  000.081  000.081: require('tokyonight.util')
031.800  000.154  000.074: require('tokyonight.theme')
032.174  000.266  000.266: require('tokyonight.colors')
032.811  000.098  000.098: require('tokyonight.hsluv')
033.475  000.214  000.214: require('tokyonight.groups')
034.648  003.981  002.481: sourcing /home/khotalota/.local/share/nvim/lazy/tokyonight.nvim/colors/tokyonight.lua
034.662  005.250  001.269: require('config.colorscheme')
035.673  000.161  000.161: require('nvim-treesitter.utils')
038.292  000.362  000.362: require('vim.treesitter.language')
038.352  000.049  000.049: require('vim.func')
038.449  000.093  000.093: require('vim.func._memoize')
038.499  001.109  000.605: require('vim.treesitter.query')
038.606  000.104  000.104: require('vim.treesitter._range')
038.687  001.654  000.441: require('vim.treesitter.languagetree')
038.698  002.122  000.468: require('vim.treesitter')
039.712  004.035  001.913: require('nvim-treesitter.parsers')
040.123  000.080  000.080: require('nvim-treesitter.compat')
040.277  000.073  000.073: require('nvim-treesitter.ts_utils')
040.283  000.155  000.083: require('nvim-treesitter.tsrange')
040.332  000.047  000.047: require('nvim-treesitter.caching')
040.342  000.364  000.082: require('nvim-treesitter.query')
040.355  000.498  000.134: require('nvim-treesitter.configs')
040.358  000.643  000.145: require('nvim-treesitter.info')
040.435  000.075  000.075: require('nvim-treesitter.shell_command_selectors')
040.461  005.114  000.200: require('nvim-treesitter.install')
040.511  000.048  000.048: require('nvim-treesitter.statusline')
040.571  000.058  000.058: require('nvim-treesitter.query_predicates')
040.575  005.679  000.459: require('nvim-treesitter')
041.103  006.279  000.600: sourcing /home/khotalota/.local/share/nvim/lazy/nvim-treesitter/plugin/nvim-treesitter.lua
044.386  000.097  000.097: require('nvim-treesitter.highlight')
044.676  000.105  000.105: require('nvim-treesitter.indent')
045.777  000.061  000.061: require('nvim-ts-autotag._log')
045.843  000.061  000.061: require('nvim-ts-autotag.config.init')
046.126  000.075  000.075: require('nvim-ts-autotag.utils')
046.131  000.174  000.099: require('nvim-ts-autotag.config.ft')
046.150  000.304  000.130: require('nvim-ts-autotag.config.plugin')
046.163  000.558  000.132: require('nvim-ts-autotag.internal')
046.166  000.929  000.371: require('nvim-ts-autotag')
046.195  001.014  000.085: sourcing /home/khotalota/.local/share/nvim/lazy/nvim-ts-autotag/plugin/nvim-ts-autotag.lua
047.212  002.531  001.517: require('nvim-ts-autotag')
047.220  006.066  003.333: require('config.treesitter')
047.835  000.029  000.029: sourcing /home/khotalota/.local/share/nvim/lazy/firenvim/plugin/firenvim.vim
051.771  002.065  002.065: sourcing /home/khotalota/.local/share/nvim/lazy/tokyonight.nvim/colors/tokyonight.lua
051.792  003.391  001.326: require('config.gitsigns')
052.433  000.079  000.079: sourcing /home/khotalota/.local/share/nvim/lazy/nvim-web-devicons/plugin/nvim-web-devicons.vim
053.869  000.199  000.199: require('lualine_require')
054.421  001.808  001.608: require('lualine')
055.622  000.521  000.521: require('lualine.themes._tokyonight')
061.349  000.299  000.299: require('lualine.utils.mode')
062.977  010.482  007.855: require('config.lualine')
064.102  000.050  000.050: require('nvim-autopairs._log')
064.186  000.078  000.078: require('nvim-autopairs.utils')
064.410  000.061  000.061: require('nvim-autopairs.conds')
064.419  000.129  000.068: require('nvim-autopairs.rule')
064.421  000.233  000.104: require('nvim-autopairs.rules.basic')
064.429  001.098  000.737: require('nvim-autopairs')
064.856  001.668  000.570: require('config.autopairs')
065.684  000.031  000.031: sourcing /home/khotalota/.local/share/nvim/lazy/plenary.nvim/plugin/plenary.vim
066.180  000.350  000.350: sourcing /home/khotalota/.local/share/nvim/lazy/telescope.nvim/plugin/telescope.lua
066.961  000.087  000.087: require('telescope._extensions')
066.966  000.643  000.556: require('telescope')
067.273  000.052  000.052: require('plenary.bit')
067.333  000.057  000.057: require('plenary.functional')
067.363  000.240  000.131: require('plenary.path')
067.381  000.314  000.074: require('plenary.strings')
067.435  000.052  000.052: require('telescope.deprecated')
067.752  000.189  000.189: require('plenary.log')
067.802  000.287  000.098: require('telescope.log')
068.013  000.045  000.045: require('plenary.compat')
068.022  000.126  000.080: require('plenary.job')
068.068  000.045  000.045: require('telescope.state')
068.087  000.283  000.112: require('telescope.utils')
068.094  000.657  000.087: require('telescope.sorters')
070.224  003.256  002.233: require('telescope.config')
070.995  004.787  000.888: require('config.telescope')
072.546  001.006  001.006: require('vim.filetype')
073.829  000.080  000.080: require('luasnip.util.types')
073.840  000.204  000.124: require('luasnip.util.ext_opts')
074.211  000.131  000.131: require('luasnip.util.lazy_table')
074.340  000.093  000.093: require('luasnip.extras.filetype_functions')
074.365  000.434  000.210: require('luasnip.default_config')
074.371  000.528  000.095: require('luasnip.session')
074.374  001.446  000.714: require('luasnip.config')
074.800  000.211  000.211: require('luasnip.util.util')
075.051  000.089  000.089: require('luasnip.nodes.key_indexer')
075.150  000.096  000.096: require('luasnip.util.feedkeys')
075.167  000.363  000.178: require('luasnip.nodes.util')
075.385  000.103  000.103: require('luasnip.session.snippet_collection.source')
075.446  000.059  000.059: require('luasnip.util.table')
075.516  000.067  000.067: require('luasnip.util.auto_table')
075.528  000.359  000.130: require('luasnip.session.snippet_collection')
075.835  000.126  000.126: require('luasnip.util.select')
075.936  000.099  000.099: require('luasnip.util.time')
076.439  000.825  000.600: require('luasnip.util._builtin_vars')
076.558  001.028  000.203: require('luasnip.util.environ')
076.645  000.085  000.085: require('luasnip.util.extend_decorator')
076.900  000.151  000.151: require('luasnip.util.path')
077.185  000.179  000.179: require('luasnip.util.log')
077.200  000.297  000.118: require('luasnip.loaders.util')
077.272  000.070  000.070: require('luasnip.loaders.data')
077.476  000.202  000.202: require('luasnip.loaders.fs_watchers')
077.485  000.837  000.118: require('luasnip.loaders')
077.532  003.149  000.267: require('luasnip')
077.560  006.104  000.503: sourcing /home/khotalota/.local/share/nvim/lazy/LuaSnip/plugin/luasnip.lua
077.659  000.036  000.036: sourcing /home/khotalota/.local/share/nvim/lazy/LuaSnip/plugin/luasnip.vim
079.580  000.425  000.425: require('cmp.utils.api')
079.875  000.148  000.148: require('cmp.types.cmp')
080.381  000.334  000.334: require('cmp.utils.misc')
080.413  000.536  000.202: require('cmp.types.lsp')
080.558  000.143  000.143: require('cmp.types.vim')
080.560  000.977  000.150: require('cmp.types')
080.771  000.209  000.209: require('cmp.utils.highlight')
081.151  000.176  000.176: require('cmp.utils.debug')
081.168  000.395  000.218: require('cmp.utils.autocmd')
081.724  002.843  000.837: sourcing /home/khotalota/.local/share/nvim/lazy/nvim-cmp/plugin/cmp.lua
082.325  000.075  000.075: require('cmp.utils.char')
082.332  000.131  000.055: require('cmp.utils.str')
082.486  000.040  000.040: require('cmp.utils.buffer')
082.499  000.118  000.078: require('cmp.utils.keymap')
082.501  000.167  000.049: require('cmp.utils.feedkeys')
082.689  000.075  000.075: require('cmp.config.mapping')
082.736  000.044  000.044: require('cmp.utils.cache')
082.853  000.057  000.057: require('cmp.config.compare')
082.855  000.117  000.059: require('cmp.config.default')
082.874  000.311  000.076: require('cmp.config')
082.886  000.383  000.072: require('cmp.utils.async')
082.974  000.040  000.040: require('cmp.utils.pattern')
082.978  000.091  000.051: require('cmp.context')
083.229  000.119  000.119: require('cmp.utils.snippet')
083.281  000.049  000.049: require('cmp.matcher')
083.288  000.247  000.079: require('cmp.entry')
083.295  000.315  000.068: require('cmp.source')
083.390  000.040  000.040: require('cmp.utils.event')
083.530  000.037  000.037: require('cmp.utils.options')
083.535  000.096  000.059: require('cmp.utils.window')
083.538  000.146  000.049: require('cmp.view.docs_view')
083.610  000.071  000.071: require('cmp.view.custom_entries_view')
083.670  000.059  000.059: require('cmp.view.wildmenu_entries_view')
083.724  000.051  000.051: require('cmp.view.native_entries_view')
083.788  000.062  000.062: require('cmp.view.ghost_text_view')
083.797  000.501  000.072: require('cmp.view')
084.249  002.141  000.554: require('cmp.core')
084.397  000.051  000.051: require('cmp.config.sources')
084.438  000.038  000.038: require('cmp.config.window')
084.499  002.535  000.306: require('cmp')
085.089  003.293  000.758: require('config.cmp')
087.729  000.791  000.791: require('lspconfig.util')
087.761  000.929  000.138: sourcing /home/khotalota/.local/share/nvim/lazy/nvim-lspconfig/plugin/lspconfig.lua
087.993  000.058  000.058: require('mason-core.path')
088.176  000.104  000.104: require('mason-core.functional')
088.303  000.041  000.041: require('mason-core.functional.data')
088.309  000.119  000.078: require('mason-core.functional.function')
088.368  000.042  000.042: require('mason-core.functional.relation')
088.415  000.040  000.040: require('mason-core.functional.logic')
088.427  000.430  000.126: require('mason-core.platform')
088.488  000.060  000.060: require('mason.settings')
088.490  000.603  000.054: require('mason')
088.637  000.054  000.054: require('mason-core.functional.list')
088.686  000.044  000.044: require('mason-core.functional.string')
088.705  000.199  000.100: require('mason.api.command')
088.766  000.054  000.054: require('mason-registry.sources')
088.900  000.074  000.074: require('mason-core.log')
088.944  000.041  000.041: require('mason-lspconfig.settings')
088.947  000.172  000.056: require('mason-lspconfig')
089.069  000.039  000.039: require('mason-lspconfig.notify')
089.073  000.115  000.076: require('mason-lspconfig.lspconfig_hook')
089.247  000.047  000.047: require('mason-core.functional.table')
089.306  000.231  000.184: require('mason-lspconfig.mappings.server')
089.435  000.055  000.055: require('mason-core.EventEmitter')
089.492  000.054  000.054: require('mason-core.optional')
089.632  000.071  000.071: require('mason-core.async')
089.682  000.045  000.045: require('mason-core.async.uv')
089.696  000.202  000.085: require('mason-core.fs')
089.726  000.418  000.108: require('mason-registry')
089.790  000.061  000.061: require('mason-lspconfig.server_config_extensions')
089.931  000.052  000.052: require('lspconfig.async')
089.934  000.141  000.089: require('lspconfig.configs')
090.012  000.076  000.076: require('lspconfig.configs.omnisharp')
090.233  000.073  000.073: require('mason-lspconfig.ensure_installed')
090.419  000.067  000.067: require('mason-core.result')
090.720  000.173  000.173: require('mason-core.process')
090.921  000.196  000.196: require('mason-core.spawn')
090.943  000.453  000.084: require('mason-core.managers.powershell')
091.005  000.060  000.060: require('mason.version')
091.009  000.587  000.075: require('mason-core.fetch')
091.071  000.059  000.059: require('mason-core.providers')
091.433  000.152  000.152: require('mason-core.purl')
091.450  000.285  000.133: require('mason-core.package')
091.722  000.078  000.078: require('mason-core.installer.registry.expr')
091.736  000.186  000.108: require('mason-core.installer.registry.link')
092.168  000.097  000.097: require('mason-core.receipt')
092.195  000.215  000.118: require('mason-core.installer.context')
092.264  000.067  000.067: require('mason-core.async.control')
092.377  000.111  000.111: require('mason-core.installer.linker')
092.385  000.502  000.110: require('mason-core.installer')
092.406  000.611  000.109: require('mason-core.installer.managers.std')
092.411  000.673  000.061: require('mason-core.installer.registry.schemas')
092.470  000.058  000.058: require('mason-core.installer.registry.util')
092.484  001.032  000.115: require('mason-core.installer.registry')
092.488  001.414  000.097: require('mason-registry.sources.util')
092.500  002.257  000.130: require('mason-registry.sources.github')
097.767  000.062  000.062: require('mason-core.functional.number')
097.807  000.233  000.171: require('mason-lspconfig.api.command')
098.031  000.094  000.094: require('lspconfig')
098.255  000.149  000.149: require('cmp_nvim_lsp.source')
098.261  000.226  000.078: require('cmp_nvim_lsp')
098.403  000.117  000.117: require('lspconfig.configs.html')
100.034  000.134  000.134: require('lspconfig.manager')
100.533  000.490  000.490: require('lspconfig.configs.cssls')
101.265  000.116  000.116: require('lspconfig.configs.ts_ls')
101.883  000.081  000.081: require('lspconfig.configs.emmet_ls')
102.428  000.111  000.111: require('lspconfig.configs.clangd')
103.121  000.133  000.133: require('lspconfig.configs.rust_analyzer')
103.695  000.096  000.096: require('lspconfig.configs.zls')
104.202  000.115  000.115: require('lspconfig.configs.gopls')
104.789  000.109  000.109: require('lspconfig.configs.pyright')
105.385  000.109  000.109: require('lspconfig.configs.lua_ls')
106.000  000.117  000.117: require('lspconfig.configs.julials')
106.316  000.102  000.102: require('mason-lspconfig.server_configurations.julials')
106.461  000.083  000.083: require('lspconfig.configs.elixirls')
106.601  000.078  000.078: require('mason-lspconfig.server_configurations.elixirls')
106.898  000.095  000.095: require('lspconfig.configs.bashls')
107.731  000.343  000.343: require('lspconfig.configs.kotlin_language_server')
107.942  000.094  000.094: require('mason-lspconfig.server_configurations.kotlin_language_server')
108.478  000.305  000.305: require('vim.lsp.handlers')
108.496  000.441  000.136: require('lspconfig.configs.jdtls')
109.442  000.097  000.097: require('lspconfig.configs.intelephense')
112.649  002.006  002.006: require('vim.diagnostic')
112.746  024.955  014.936: require('config.lsp')
116.054  000.243  000.243: require('auto-session.logger')
116.084  001.192  000.949: require('auto-session.lib')
116.188  000.102  000.102: require('auto-session.config')
116.327  000.131  000.131: require('auto-session.autocmds')
116.341  002.783  001.358: require('auto-session')
117.266  000.083  000.083: require('telescope.actions.mt')
117.283  000.173  000.090: require('auto-session.session-lens.actions')
117.289  000.262  000.088: require('auto-session.session-lens')
117.342  000.050  000.050: require('telescope._extensions.session-lens')
118.700  000.056  000.056: require('Comment.config')
118.891  000.113  000.113: require('Comment.ft')
118.898  000.194  000.081: require('Comment.utils')
118.958  000.058  000.058: require('Comment.opfunc')
119.009  000.049  000.049: require('Comment.extra')
119.014  000.941  000.583: require('Comment.api')
119.091  001.098  000.157: sourcing /home/khotalota/.local/share/nvim/lazy/Comment.nvim/plugin/Comment.lua
119.197  000.074  000.074: require('Comment')
119.941  000.112  000.112: sourcing /home/khotalota/.local/share/nvim/lazy/vim-dadbod/plugin/dadbod.vim
121.305  000.112  000.112: sourcing /home/khotalota/.local/share/nvim/lazy/nvim-dap/plugin/dap.lua
122.447  000.055  000.055: require('nvim-tree.log')
122.642  000.048  000.048: require('nvim-tree.notify')
122.648  000.107  000.059: require('nvim-tree.events')
122.774  000.045  000.045: require('nvim-tree.iterators.node-iterator')
122.811  000.162  000.116: require('nvim-tree.utils')
122.822  000.371  000.102: require('nvim-tree.view')
122.998  000.041  000.041: require('nvim-tree.core')
123.103  000.050  000.050: require('nvim-tree.git.utils')
123.156  000.050  000.050: require('nvim-tree.renderer.components.devicons')
123.247  000.040  000.040: require('nvim-tree.classic')
123.252  000.094  000.054: require('nvim-tree.node')
123.257  000.258  000.063: require('nvim-tree.node.directory')
123.260  000.345  000.046: require('nvim-tree.actions.finders.find-file')
123.307  000.045  000.045: require('nvim-tree.actions.finders.search-node')
123.309  000.438  000.048: require('nvim-tree.actions.finders')
123.508  000.097  000.097: require('nvim-tree.node.file')
123.512  000.155  000.058: require('nvim-tree.actions.fs.create-file')
123.618  000.050  000.050: require('nvim-tree.lib')
123.700  000.038  000.038: require('nvim-tree.node.link')
123.707  000.087  000.049: require('nvim-tree.node.directory-link')
123.710  000.196  000.060: require('nvim-tree.actions.fs.remove-file')
123.761  000.050  000.050: require('nvim-tree.actions.fs.rename-file')
123.830  000.066  000.066: require('nvim-tree.actions.fs.trash')
123.833  000.522  000.054: require('nvim-tree.actions.fs')
123.972  000.051  000.051: require('nvim-tree.diagnostics')
123.976  000.097  000.046: require('nvim-tree.actions.moves.item')
124.016  000.039  000.039: require('nvim-tree.actions.moves.parent')
124.078  000.060  000.060: require('nvim-tree.actions.moves.sibling')
124.081  000.247  000.050: require('nvim-tree.actions.moves')
124.181  000.054  000.054: require('nvim-tree.actions.node.file-popup')
124.248  000.065  000.065: require('nvim-tree.actions.node.open-file')
124.290  000.040  000.040: require('nvim-tree.actions.node.run-command')
124.360  000.068  000.068: require('nvim-tree.actions.node.system-open')
124.403  000.041  000.041: require('nvim-tree.actions.node.buffer')
124.406  000.323  000.056: require('nvim-tree.actions.node')
124.493  000.045  000.045: require('nvim-tree.actions.root.change-dir')
124.533  000.038  000.038: require('nvim-tree.actions.root.dir-up')
124.535  000.128  000.045: require('nvim-tree.actions.root')
124.618  000.039  000.039: require('nvim-tree.actions.tree.find-file')
124.701  000.040  000.040: require('nvim-tree.actions.tree.modifiers.collapse-all')
124.745  000.042  000.042: require('nvim-tree.actions.tree.modifiers.expand-all')
124.747  000.127  000.045: require('nvim-tree.actions.tree.modifiers')
124.788  000.039  000.039: require('nvim-tree.actions.tree.open')
124.828  000.038  000.038: require('nvim-tree.actions.tree.toggle')
124.867  000.037  000.037: require('nvim-tree.actions.tree.resize')
124.869  000.332  000.052: require('nvim-tree.actions.tree')
124.870  002.047  000.057: require('nvim-tree.actions')
124.913  003.090  000.617: require('nvim-tree')
124.974  000.047  000.047: require('nvim-tree.legacy')
125.432  000.077  000.077: require('nvim-tree.keymap')
125.524  000.089  000.089: require('nvim-tree.appearance')
126.032  000.041  000.041: require('nvim-tree.buffers')
126.165  000.070  000.070: require('nvim-tree.git.runner')
126.225  000.057  000.057: require('nvim-tree.watcher')
126.230  000.195  000.067: require('nvim-tree.git')
126.343  000.072  000.072: require('nvim-tree.node.file-link')
126.346  000.114  000.042: require('nvim-tree.node.factory')
126.395  000.047  000.047: require('nvim-tree.node.root')
126.483  000.037  000.037: require('nvim-tree.enum')
126.488  000.091  000.054: require('nvim-tree.explorer.filters')
126.546  000.057  000.057: require('nvim-tree.marks')
126.604  000.055  000.055: require('nvim-tree.explorer.live-filter')
126.692  000.086  000.086: require('nvim-tree.explorer.sorter')
126.774  000.080  000.080: require('nvim-tree.actions.fs.clipboard')
127.037  000.094  000.094: require('nvim-tree.renderer.decorator')
127.049  000.147  000.053: require('nvim-tree.renderer.decorator.bookmarks')
127.124  000.074  000.074: require('nvim-tree.renderer.decorator.copied')
127.229  000.103  000.103: require('nvim-tree.renderer.decorator.cut')
127.293  000.061  000.061: require('nvim-tree.renderer.decorator.diagnostics')
127.365  000.070  000.070: require('nvim-tree.renderer.decorator.git')
127.412  000.044  000.044: require('nvim-tree.renderer.decorator.hidden')
127.490  000.077  000.077: require('nvim-tree.renderer.decorator.modified')
127.545  000.053  000.053: require('nvim-tree.renderer.decorator.opened')
127.586  000.039  000.039: require('nvim-tree.renderer.decorator.user')
127.634  000.046  000.046: require('nvim-tree.renderer.components.padding')
127.640  000.810  000.099: require('nvim-tree.renderer.builder')
127.648  000.872  000.062: require('nvim-tree.renderer')
127.658  001.755  000.116: require('nvim-tree.explorer')
127.712  000.052  000.052: require('nvim-tree.explorer.watch')
127.822  000.052  000.052: require('nvim-tree.renderer.components.full-name')
127.825  000.102  000.049: require('nvim-tree.renderer.components')
128.002  000.102  000.102: require('nvim-web-devicons.filetypes')
128.245  000.189  000.189: require('nvim-web-devicons.default.icons_by_filename')
129.536  001.288  001.288: require('nvim-web-devicons.default.icons_by_file_extension')
129.654  000.112  000.112: require('nvim-web-devicons.default.icons_by_operating_system')
129.701  000.044  000.044: require('nvim-web-devicons.default.icons_by_desktop_environment')
129.747  000.044  000.044: require('nvim-web-devicons.default.icons_by_window_manager')
129.749  001.734  000.056: require('nvim-web-devicons.icons-default')
129.995  002.166  000.330: require('nvim-web-devicons')
133.087  000.120  000.120: require('nvim-tree.help')
133.305  000.101  000.101: require('nvim-tree.appearance.hi-test')
133.393  000.300  000.199: require('nvim-tree.api')
133.548  000.079  000.079: require('nvim-tree.commands')
133.668  011.897  004.021: require('config.nvim-tree')
133.870  000.039  000.039: sourcing /home/khotalota/.local/share/nvim/lazy/nvim-colorizer.lua/plugin/colorizer.vim
134.630  000.093  000.093: require('colorizer/nvim')
134.812  000.179  000.179: require('colorizer/trie')
134.961  001.064  000.792: require('colorizer')
136.781  000.108  000.108: sourcing /nix/store/w1jf3xsq43xyg786llp00ngn02xm9dmx-neovim-unwrapped-0.10.4/share/nvim/runtime/plugin/editorconfig.lua
136.994  000.164  000.164: sourcing /nix/store/w1jf3xsq43xyg786llp00ngn02xm9dmx-neovim-unwrapped-0.10.4/share/nvim/runtime/plugin/gzip.vim
137.118  000.083  000.083: sourcing /nix/store/w1jf3xsq43xyg786llp00ngn02xm9dmx-neovim-unwrapped-0.10.4/share/nvim/runtime/plugin/man.lua
138.198  000.220  000.220: sourcing /nix/store/w1jf3xsq43xyg786llp00ngn02xm9dmx-neovim-unwrapped-0.10.4/share/nvim/runtime/pack/dist/opt/matchit/plugin/matchit.vim
138.221  001.044  000.824: sourcing /nix/store/w1jf3xsq43xyg786llp00ngn02xm9dmx-neovim-unwrapped-0.10.4/share/nvim/runtime/plugin/matchit.vim
138.381  000.119  000.119: sourcing /nix/store/w1jf3xsq43xyg786llp00ngn02xm9dmx-neovim-unwrapped-0.10.4/share/nvim/runtime/plugin/matchparen.vim
138.689  000.263  000.263: sourcing /nix/store/w1jf3xsq43xyg786llp00ngn02xm9dmx-neovim-unwrapped-0.10.4/share/nvim/runtime/plugin/netrwPlugin.vim
138.838  000.090  000.090: sourcing /nix/store/w1jf3xsq43xyg786llp00ngn02xm9dmx-neovim-unwrapped-0.10.4/share/nvim/runtime/plugin/osc52.lua
138.982  000.008  000.008: sourcing /nix/store/fhzw8ah6s37q2p9pak7d2alzhx0m137h-neovim-0.10.4/rplugin.vim
139.083  000.007  000.007: sourcing /home/khotalota/.local/share/nvim/rplugin.vim
139.090  000.203  000.188: sourcing /nix/store/w1jf3xsq43xyg786llp00ngn02xm9dmx-neovim-unwrapped-0.10.4/share/nvim/runtime/plugin/rplugin.vim
139.198  000.054  000.054: sourcing /nix/store/w1jf3xsq43xyg786llp00ngn02xm9dmx-neovim-unwrapped-0.10.4/share/nvim/runtime/plugin/shada.vim
139.268  000.016  000.016: sourcing /nix/store/w1jf3xsq43xyg786llp00ngn02xm9dmx-neovim-unwrapped-0.10.4/share/nvim/runtime/plugin/spellfile.vim
139.388  000.075  000.075: sourcing /nix/store/w1jf3xsq43xyg786llp00ngn02xm9dmx-neovim-unwrapped-0.10.4/share/nvim/runtime/plugin/tarPlugin.vim
139.504  000.063  000.063: sourcing /nix/store/w1jf3xsq43xyg786llp00ngn02xm9dmx-neovim-unwrapped-0.10.4/share/nvim/runtime/plugin/tohtml.lua
139.570  000.017  000.017: sourcing /nix/store/w1jf3xsq43xyg786llp00ngn02xm9dmx-neovim-unwrapped-0.10.4/share/nvim/runtime/plugin/tutor.vim
139.738  000.123  000.123: sourcing /nix/store/w1jf3xsq43xyg786llp00ngn02xm9dmx-neovim-unwrapped-0.10.4/share/nvim/runtime/plugin/zipPlugin.vim
140.037  000.064  000.064: sourcing /home/khotalota/.local/share/nvim/lazy/cmp-nvim-lsp/after/plugin/cmp_nvim_lsp.lua
140.380  000.182  000.182: require('cmp_cmdline')
140.425  000.294  000.112: sourcing /home/khotalota/.local/share/nvim/lazy/cmp-cmdline/after/plugin/cmp_cmdline.lua
140.731  000.165  000.165: require('cmp_path')
140.758  000.244  000.079: sourcing /home/khotalota/.local/share/nvim/lazy/cmp-path/after/plugin/cmp_path.lua
141.246  000.090  000.090: require('cmp_buffer.timer')
141.254  000.226  000.136: require('cmp_buffer.buffer')
141.258  000.317  000.091: require('cmp_buffer.source')
141.260  000.371  000.054: require('cmp_buffer')
141.283  000.447  000.076: sourcing /home/khotalota/.local/share/nvim/lazy/cmp-buffer/after/plugin/cmp_buffer.lua
141.579  000.150  000.150: require('cmp_luasnip')
141.642  000.283  000.133: sourcing /home/khotalota/.local/share/nvim/lazy/cmp_luasnip/after/plugin/cmp_luasnip.lua
141.778  121.353  018.464: require('core.plugins')
141.884  000.102  000.102: require('core.autocmds')
141.895  130.544  000.088: sourcing /home/khotalota/.config/nvim/init.lua
141.903  003.779: sourcing vimrc file(s)
142.757  000.077  000.077: sourcing /nix/store/w1jf3xsq43xyg786llp00ngn02xm9dmx-neovim-unwrapped-0.10.4/share/nvim/runtime/filetype.lua
143.165  000.081  000.081: sourcing /nix/store/w1jf3xsq43xyg786llp00ngn02xm9dmx-neovim-unwrapped-0.10.4/share/nvim/runtime/syntax/synload.vim
143.268  000.387  000.306: sourcing /nix/store/w1jf3xsq43xyg786llp00ngn02xm9dmx-neovim-unwrapped-0.10.4/share/nvim/runtime/syntax/syntax.vim
143.278  000.911: inits 3
145.875  002.597: reading ShaDa
146.874  000.143  000.143: require('luasnip.util.directed_graph')
146.956  000.076  000.076: require('luasnip.session.enqueueable_operations')
146.969  000.426  000.207: require('luasnip.loaders.from_lua')
147.879  000.113  000.113: require('luasnip.util.events')
147.896  000.354  000.241: require('luasnip.nodes.node')
148.056  000.159  000.159: require('luasnip.nodes.insertNode')
148.191  000.132  000.132: require('luasnip.nodes.textNode')
148.310  000.115  000.115: require('luasnip.util.mark')
148.390  000.077  000.077: require('luasnip.util.pattern_tokenizer')
148.454  000.061  000.061: require('luasnip.util.dict')
148.915  000.034  000.034: require('jsregexp.core')
148.920  000.157  000.123: require('luasnip-jsregexp')
148.922  000.386  000.229: require('luasnip.util.jsregexp')
148.937  000.480  000.094: require('luasnip.nodes.util.trig_engines')
148.996  001.693  000.315: require('luasnip.nodes.snippet')
149.013  001.779  000.086: require('luasnip.nodes.duplicate')
149.018  001.892  000.113: require('luasnip.loaders.snippet_cache')
149.037  002.032  000.139: require('luasnip.loaders.from_snipmate')
149.657  000.111  000.111: require('luasnip.util.parser.neovim_ast')
149.773  000.113  000.113: require('luasnip.util.str')
149.785  000.357  000.132: require('luasnip.util.parser.ast_utils')
149.904  000.117  000.117: require('luasnip.nodes.functionNode')
150.115  000.209  000.209: require('luasnip.nodes.choiceNode')
150.274  000.156  000.156: require('luasnip.nodes.dynamicNode')
150.354  000.078  000.078: require('luasnip.util.functions')
150.365  001.033  000.117: require('luasnip.util.parser.ast_parser')
150.603  000.237  000.237: require('luasnip.util.parser.neovim_parser')
150.612  001.402  000.131: require('luasnip.util.parser')
150.694  000.080  000.080: require('luasnip.nodes.snippetProxy')
150.930  000.231  000.231: require('luasnip.util.jsonc')
150.945  001.904  000.192: require('luasnip.loaders.from_vscode')
150.996  000.760: opening buffers
151.226  000.229: BufEnter autocommands
151.230  000.004: editing files in windows
151.686  000.144  000.144: require('lazy.util')
151.690  000.275  000.131: require('lazy.view.diff')
151.999  000.167  000.167: require('lazy.view.config')
152.006  000.314  000.147: require('lazy.view.float')
152.390  000.132  000.132: require('lazy.async')
152.399  000.290  000.158: require('lazy.manage.process')
152.500  000.099  000.099: require('lazy.manage.semver')
152.506  000.499  000.109: require('lazy.manage.git')
152.915  000.181  000.181: require('lazy.view.sections')
153.025  000.107  000.107: require('lazy.view.text')
153.035  000.528  000.240: require('lazy.view.render')
153.043  001.791  000.176: require('lazy.view')
165.264  000.236  000.236: require('editorconfig')
167.461  000.207  000.207: sourcing /nix/store/w1jf3xsq43xyg786llp00ngn02xm9dmx-neovim-unwrapped-0.10.4/share/nvim/runtime/ftplugin/help.vim
167.544  000.820  000.613: sourcing /nix/store/w1jf3xsq43xyg786llp00ngn02xm9dmx-neovim-unwrapped-0.10.4/share/nvim/runtime/ftplugin/checkhealth.vim
172.229  000.645  000.645: sourcing /nix/store/w1jf3xsq43xyg786llp00ngn02xm9dmx-neovim-unwrapped-0.10.4/share/nvim/runtime/syntax/help.vim
172.321  001.544  000.898: sourcing /nix/store/w1jf3xsq43xyg786llp00ngn02xm9dmx-neovim-unwrapped-0.10.4/share/nvim/runtime/syntax/checkhealth.vim
173.118  019.032  016.433: sourcing /home/khotalota/.local/share/nvim/sessions/%2Fhome%2Fkhotalota%2F%2Econfig%2Fnvim.vim
174.509  002.456: VimEnter autocommands
174.842  000.333: UIEnter autocommands
175.418  000.331  000.331: sourcing /nix/store/w1jf3xsq43xyg786llp00ngn02xm9dmx-neovim-unwrapped-0.10.4/share/nvim/runtime/autoload/provider/clipboard.vim
175.426  000.253: before starting main loop
175.874  000.448: first screen update
175.877  000.003: --- NVIM STARTED ---

